1175994 execve("/home/pneg/.rustup/toolchains/nightly-x86_64-unknown-linux-gnu/bin/rustc",
["/home/pneg/.rustup/toolchains/nightly-x86_64-unknown-linux-gnu/bin/rustc",
"--crate-name",
"gemm_f16",
"--edition=2021",
"/home/pneg/.cargo/registry/src/index.crates.io-6f17d22bba15001f/gemm-f16-0.18.0/src/lib.rs",
"--error-format=json",
"--json=diagnostic-rendered-ansi,artifacts,future-incompat",
"--diagnostic-width=279",
"--crate-type",
"lib",
"--emit=dep-info,metadata,link",
"-C",
"opt-level=3",
"-C",
"embed-bitcode=no",
"--cfg",
"feature=\"rayon\"",
"--cfg",
"feature=\"std\"",
"--check-cfg",
"cfg(docsrs)",
"--check-cfg",
"cfg(feature,
values(\"default\",
\"experimental-apple-amx\",
\"nightly\",
\"rayon\",
\"std\"))",
"-C",
"metadata=7fc391ce427c9854",
"-C",
"extra-filename=-7fc391ce427c9854",
"--out-dir",
"/mnt/c/Users/peng/Documents/transformer-rs/target/aarch64-linux-android/release/deps",
"--target",
"aarch64-linux-android",
"-C",
"linker=/home/pneg/android_sdk/ndk/26.3.11579264/toolchains/llvm/prebuilt/linux-x86_64/bin/clang",
"-C",
"strip=debuginfo",
"-L",
"dependency=/mnt/c/Users/peng/Documents/transformer-rs/target/aarch64-linux-android/release/deps",
"-L",
"dependency=/mnt/c/Users/peng/Documents/transformer-rs/target/release/deps",
"--extern",
"dyn_stack=/mnt/c/Users/peng/Documents/transformer-rs/target/aarch64-linux-android/release/deps/libdyn_stack-95d19d986f15707e.rmeta",
"--extern",
"gemm_common=/mnt/c/Users/peng/Documents/transformer-rs/target/aarch64-linux-android/release/deps/libgemm_common-93843e321f118919.rmeta",
"--extern",
"gemm_f32=/mnt/c/Users/peng/Documents/transformer-rs/target/aarch64-linux-android/release/deps/libgemm_f32-91644c9c36dc971c.rmeta",
"--extern",
"half=/mnt/c/Users/peng/Documents/transformer-rs/target/aarch64-linux-android/release/deps/libhalf-967d9f9132d7c9a1.rmeta",
"--extern",
"num_complex=/mnt/c/Users/peng/Documents/transformer-rs/target/aarch64-linux-android/release/deps/libnum_complex-4ee4f11eabd9696c.rmeta",
"--extern",
"num_traits=/mnt/c/Users/peng/Documents/transformer-rs/target/aarch64-linux-android/release/deps/libnum_traits-46537891e6cf5278.rmeta",
"--extern",
"paste=/mnt/c/Users/peng/Documents/transformer-rs/target/release/deps/libpaste-84830dcd1bf9ab8e.so",
"--extern",
"raw_cpuid=/mnt/c/Users/peng/Documents/transformer-rs/target/aarch64-linux-android/release/deps/libraw_cpuid-e377b3459957a56c.rmeta",
"--extern",
"rayon=/mnt/c/Users/peng/Documents/transformer-rs/target/aarch64-linux-android/release/deps/librayon-50373d5376751595.rmeta",
"--extern",
"seq_macro=/mnt/c/Users/peng/Documents/transformer-rs/target/release/deps/libseq_macro-bff532b38f192e2a.so",
"--cap-lints",
"allow",
"-Clink-arg=--target=aarch64-linux-android35",
"-L",
"/mnt/c/Users/peng/Documents/transformer-rs/target/cargo-apk-temp-extra-link-libraries"],
["ANDROID_HOME=/home/pneg/android_sdk/",
"ANDROID_NDK=/home/pneg/android_sdk/ndk/26.3.11579264",
"ANDROID_NDK_ROOT=/home/pneg/android_sdk/ndk/26.3.11579264",
"AR_aarch64-linux-android=/home/pneg/android_sdk/ndk/26.3.11579264/toolchains/llvm/prebuilt/linux-x86_64/bin/llvm-ar",
"CARGO=/home/pneg/.rustup/toolchains/nightly-x86_64-unknown-linux-gnu/bin/cargo",
"CARGO_CRATE_NAME=gemm_f16",
"CARGO_ENCODED_RUSTFLAGS=-Clink-arg=--target=aarch64-linux-android35\37-L\37/mnt/c/Users/peng/Documents/transformer-rs/target/cargo-apk-temp-extra-link-libraries",
"CARGO_HOME=/home/pneg/.cargo",
"CARGO_MAKEFLAGS=-j --jobserver-fds=8,9 --jobserver-auth=8,9",
"CARGO_MANIFEST_DIR=/home/pneg/.cargo/registry/src/index.crates.io-6f17d22bba15001f/gemm-f16-0.18.0",
"CARGO_PKG_AUTHORS=sarah <>",
"CARGO_PKG_DESCRIPTION=Playground for matrix multiplication algorithms",
"CARGO_PKG_HOMEPAGE=",
"CARGO_PKG_LICENSE=MIT",
"CARGO_PKG_LICENSE_FILE=",
"CARGO_PKG_NAME=gemm-f16",
"CARGO_PKG_README=README.md",
"CARGO_PKG_REPOSITORY=https://github.com/sarah-ek/gemm/",
"CARGO_PKG_RUST_VERSION=",
"CARGO_PKG_VERSION=0.18.0",
"CARGO_PKG_VERSION_MAJOR=0",
"CARGO_PKG_VERSION_MINOR=18",
"CARGO_PKG_VERSION_PATCH=0",
"CARGO_PKG_VERSION_PRE=",
"CARGO_RUSTC_CURRENT_DIR=/home/pneg/.cargo/registry/src/index.crates.io-6f17d22bba15001f/gemm-f16-0.18.0",
"CARGO_TARGET_AARCH64_LINUX_ANDROID_AR=/home/pneg/android_sdk/ndk/26.3.11579264/toolchains/llvm/prebuilt/linux-x86_64/bin/llvm-ar",
"CARGO_TARGET_AARCH64_LINUX_ANDROID_LINKER=/home/pneg/android_sdk/ndk/26.3.11579264/toolchains/llvm/prebuilt/linux-x86_64/bin/clang",
"CC_aarch64-linux-android=/home/pneg/android_sdk/ndk/26.3.11579264/toolchains/llvm/prebuilt/linux-x86_64/bin/clang",
"CFLAGS_aarch64-linux-android=--target=aarch64-linux-android35",
"CXXFLAGS_aarch64-linux-android=--target=aarch64-linux-android35",
"CXX_aarch64-linux-android=/home/pneg/android_sdk/ndk/26.3.11579264/toolchains/llvm/prebuilt/linux-x86_64/bin/clang++",
"DBUS_SESSION_BUS_ADDRESS=unix:path=/run/user/1000/bus",
"DEBUGINFOD_URLS=https://debuginfod.ubuntu.com ",
"DISPLAY=:0",
"HOME=/home/pneg",
"HOSTTYPE=x86_64",
"HTTPS_PROXY=http://172.30.64.1:10809",
"HTTP_PROXY=http://172.30.64.1:10809",
"LANG=C.UTF-8",
"LD_LIBRARY_PATH=/mnt/c/Users/peng/Documents/transformer-rs/target/release/deps:/home/pneg/.rustup/toolchains/nightly-x86_64-unknown-linux-gnu/lib",
"LESSCLOSE=/usr/bin/lesspipe %s %s",
"LESSOPEN=| /usr/bin/lesspipe %s",
"LIBVIRT_DEFAULT_URI=qemu:///system",
"LOGNAME=pneg",
"LS_COLORS=rs=0:di=01;34:ln=01;36:mh=00:pi=40;33:so=01;35:do=01;35:bd=40;33;01:cd=40;33;01:or=40;31;01:mi=00:su=37;41:sg=30;43:ca=30;41:tw=30;42:ow=34;42:st=37;44:ex=01;32:*.tar=01;31:*.tgz=01;31:*.arc=01;31:*.arj=01;31:*.taz=01;31:*.lha=01;31:*.lz4=01;31:*.lzh=01;31:*.lzma=01;31:*.tlz=01;31:*.txz=01;31:*.tzo=01;31:*.t7z=01;31:*.zip=01;31:*.z=01;31:*.dz=01;31:*.gz=01;31:*.lrz=01;31:*.lz=01;31:*.lzo=01;31:*.xz=01;31:*.zst=01;31:*.tzst=01;31:*.bz2=01;31:*.bz=01;31:*.tbz=01;31:*.tbz2=01;31:*.tz=01;31:*.deb=01;31:*.rpm=01;31:*.jar=01;31:*.war=01;31:*.ear=01;31:*.sar=01;31:*.rar=01;31:*.alz=01;31:*.ace=01;31:*.zoo=01;31:*.cpio=01;31:*.7z=01;31:*.rz=01;31:*.cab=01;31:*.wim=01;31:*.swm=01;31:*.dwm=01;31:*.esd=01;31:*.jpg=01;35:*.jpeg=01;35:*.mjpg=01;35:*.mjpeg=01;35:*.gif=01;35:*.bmp=01;35:*.pbm=01;35:*.pgm=01;35:*.ppm=01;35:*.tga=01;35:*.xbm=01;35:*.xpm=01;35:*.tif=01;35:*.tiff=01;35:*.png=01;35:*.svg=01;35:*.svgz=01;35:*.mng=01;35:*.pcx=01;35:*.mov=01;35:*.mpg=01;35:*.mpeg=01;35:*.m2v=01;35:*.mkv=01;35:*.webm=01;35"...,
"NAME=DESKTOP-M211L3D",
"OLDPWD=/mnt/c/Users/peng/Documents/transformer-rs",
"PATH=/home/pneg/bin:/home/pneg/android_sdk/platform-tools:/home/pneg/android_sdk/cmdline-tools/latest/bin:/home/pneg/android_sdk/ndk/26.3.11579264/toolchains/llvm/prebuilt/linux-x86_64/bin:/home/pneg/.cargo/bin:/home/pneg/x86_64-linux-musl-cross/bin:/home/pneg/aarch64-linux-musl-cross/bin:/home/pneg/riscv64-linux-musl-cross/bin:/usr/local/sbin:/usr/local/bin:/usr/sbin:/usr/bin:/sbin:/bin:/usr/games:/usr/local/games:/usr/lib/wsl/lib:/mnt/c/ProgramData/miniconda3:/mnt/c/ProgramData/miniconda3/Library/mingw-w64/bin:/mnt/c/ProgramData/miniconda3/Library/usr/bin:/mnt/c/ProgramData/miniconda3/Library/bin:/mnt/c/ProgramData/miniconda3/Scripts:/mnt/c/ProgramData/miniconda3/bin:/mnt/c/ProgramData/miniconda3/condabin:/mnt/c/Program Files/Common Files/Oracle/Java/javapath:/mnt/c/Program Files/NVIDIA GPU Computing Toolkit/CUDA/v12.2/bin:/mnt/c/Program Files/NVIDIA GPU Computing Toolkit/CUDA/v12.2/libnvvp:/mnt/c/Program Files (x86)/VMware/VMware Workstation/bin:/mnt/c/WINDOWS/system32:/mnt/c/WINDOWS:/mnt/c/WINDOWS/System3"...,
"PULSE_SERVER=unix:/mnt/wslg/PulseServer",
"PWD=/mnt/c/Users/peng/Documents/transformer-rs/android-app",
"RUSTUP_HOME=/home/pneg/.rustup",
"RUSTUP_TOOLCHAIN=nightly-x86_64-unknown-linux-gnu",
"RUST_RECURSION_COUNT=2",
"SHELL=/bin/bash",
"SHLVL=1",
"SSL_CERT_DIR=/usr/lib/ssl/certs",
"SSL_CERT_FILE=/usr/lib/ssl/cert.pem",
"TERM=xterm-256color",
"USER=pneg",
"WAYLAND_DISPLAY=wayland-0",
"WSL2_GUI_APPS_ENABLED=1",
"WSLENV=",
"WSL_DISTRO_NAME=Ubuntu",
"WSL_INTEROP=/run/WSL/1102591_interop",
"XDG_DATA_DIRS=/usr/local/share:/usr/share:/var/lib/snapd/desktop",
"XDG_RUNTIME_DIR=/run/user/1000/",
"_=/usr/bin/strace"]) = 0